// Jest Snapshot v1, https://goo.gl/fbAQLP

exports[`SamplePilter renders 1`] = `
<button
  aria-label="Filter by Some Content"
  class="base"
  type="button"
>
  <div
    class="TDS_Box-modules__horizontalPadding-3___2uoUp TDS_Box-modules__verticalPadding-2___1Uh2T"
  >
    <span
      class="TDS_Typography-modules__base___gCTVZ TDS_Typography-modules__wordBreak___3dmWU TDS_Typography-modules__baseFont___2g1ZX TDS_Typography-modules__invertedColor___2axxL"
    >
      Some Content
    </span>
  </div>
</button>
`;
